1000 FI_WORD4
1001 FI_WORD5
1002 FI_WORDSTAR5
1003 FI_WORDSTAR4
1004 FI_WORDSTAR2000
1005 FI_WORDPERFECT5
1006 FI_MULTIMATE36
1007 FI_MULTIMATEADV
1008 FI_RFT
1009 FI_TXT
1010 FI_SMART
1011 FI_SAMNA
1012 FI_PFSWRITEA
1013 FI_PFSWRITEB
1014 FI_PROWRITE1
1015 FI_PROWRITE2
1016 FI_IBMWRITING
1017 FI_FIRSTCHOICE
1018 FI_WORDMARC
1019 FI_DIF
1020 FI_VOLKSWRITER
1021 FI_DX
1022 FI_SPRINT
1023 FI_WORDPERFECT42
1024 FI_TOTALWORD
1025 FI_IWP
1026 FI_WORDSTAR55
1027 FI_WANGWPS
1028 FI_RTF
1029 FI_MACWORD3
1030 FI_MACWORD4
1031 FI_MASS11PC
1032 FI_MACWRITEII
1033 FI_XYWRITE
1034 FI_FFT
1035 FI_MACWORDPERFECT
1036 FI_DISPLAYWRITE4
1037 FI_MASS11VAX
1038 FI_WORDPERFECT51
1039 FI_MULTIMATE40
1040 FI_QAWRITE
1041 FI_MULTIMATENOTE
1043 FI_PCFILELETTER
1044 FI_MANUSCRIPT1
1045 FI_MANUSCRIPT2
1046 FI_ENABLEWP
1047 FI_WINWRITE
1048 FI_WORKS1
1049 FI_WORKS2
1050 FI_WORDSTAR6
1051 FI_OFFICEWRITER
1052 FI_MACWORD4COMPLEX
1053 FI_DISPLAYWRITE5
1054 FI_WINWORD1
1055 FI_WINWORD1COMPLEX
1056 FI_AMI
1057 FI_AMIPRO
1058 FI_FIRSTCHOICE3
1059 FI_MACWORDPERFECT2
1060 FI_MACWORKSWP2
1061 FI_PROWRITEPLUS
1062 FI_LEGACY
1063 FI_SIGNATURE
1064 FI_WINWORDSTAR
1065 FI_WINWORD2
1066 FI_JUSTWRITE
1067 FI_WORDSTAR7
1068 FI_WINWORKSWP
1069 FI_JUSTWRITE2
1070 FI_AMICLIP
1071 FI_LEGACYCLIP
1072 FI_PROWRITEPLUSCLIP
1073 FI_MACWORD5
1074 FI_ENABLEWP4
1075 FI_WORDPERFECT6
1076 FI_WORD6
1077 FI_DX31
1078 FI_WPFENCRYPT
1079 FI_QAWRITE3
1080 FI_MACWORDPERFECT3
1081 FI_CEOWORD
1082 FI_WINWORD6
1083 FI_WORDPERFECT51J
1084 FI_ICHITARO3
1085 FI_ICHITARO4
1086 FI_WINWORD1J
1087 FI_WINWORD5J
1088 FI_MATSU4
1089 FI_MATSU5
1090 FI_P1
1091 FI_RTFJ
1092 FI_CEOWRITE
1093 FI_WINWORKSWP3
1094 FI_WORDPAD
1095 FI_WPFUNKNOWN
1096 FI_WINWORD2_OLECONV
1097 FI_WORDPERFECT61
1098 FI_FTDF
1099 FI_WORDPERFECT5E
1100 FI_WORDPERFECT6E
1101 FI_HTML
1102 FI_WINWORD7
1103 FI_AREHANGEUL
1104 FI_HANA
1105 FI_WINWORKSWP4
1106 FI_PERFECTWORKS1
1107 FI_WORDPERFECT7
1108 FI_WORDPRO
1109 FI_HTML_LATIN2
1110 FI_HTML_JAPANESESJIS
1111 FI_HTML_JAPANESEEUC
1112 FI_HTML_CHINESEBIG5
1113 FI_HTML_CHINESEEUC
1114 FI_HTML_CHINESEGB
1115 FI_HTML_KOREANHANGUL
1116 FI_HTML_CYRILLIC1251
1117 FI_HTML_CYRILLICKOI8
1118 FI_CYRILLIC1251
1119 FI_CYRILLICKOI8
1120 FI_WWRITE_SHIFTJIS
1121 FI_WWRITE_CHINESEGB
1122 FI_WWRITE_HANGEUL
1123 FI_WWRITE_CHINESEBIG5
1124 FI_WPSPLUS
1125 FI_MACWORD6
1126 FI_WINWORD97
1127 FI_RAINBOW
1128 FI_INTERLEAF
1129 FI_MIFF3
1130 FI_MIFF4
1131 FI_MIFF5
1132 FI_TEXTMAIL
1133 FI_MACWORD97
1134 FI_INTERLEAFJ
1135 FI_MIFF3J
1136 FI_MIFF4J
1137 FI_MIFF5J
1138 FI_MIFF55
1139 FI_WORDPERFECT8
1140 FI_ICHITARO8
1141 FI_VCARD
1142 FI_HTML_CSS
1143 FI_OUTLOOK_MSG
1144 FI_POCKETWORD
1145 FI_WORDPRO97
1146 FI_WINWORD2000
1147 FI_W2KHTML
1148 FI_XL2KHTML
1149 FI_PP2KHTML
1150 FI_XML
1151 FI_WML
1152 FI_WMLB
1153 FI_HTML_JAPANESEJIS
1154 FI_WML_CHINESEBIG5
1155 FI_WML_CHINESEEUC
1156 FI_WML_CHINESEGB
1157 FI_WML_CYRILLIC1251
1158 FI_WML_CYRILLICKOI8
1159 FI_WML_JAPANESEJIS
1160 FI_WML_JAPANESESJIS
1161 FI_WML_JAPANESEEUC
1162 FI_WML_KOREANHANGUL
1163 FI_WML_LATIN2
1164 FI_WML_CSS
1165 FI_STAROFFICEWRITER52
1166 FI_MIFF6
1167 FI_MIFF6J
1168 FI_MIFF
1169 FI_JAVASCRIPT
1170 FI_TEXT
1171 FI_HDML
1172 FI_CHTML
1173 FI_XHTMLB
1174 FI_HTMLAG
1175 FI_HTMLWCA
1176 FI_SEARCHML
1177 FI_POCKETWORD20
1178 FI_WIRELESSHTML
1179 FI_HANGULWP97
1180 FI_HANGULWP2002
1181 FI_HTMLUNICODE
1182 FI_XML_DOCTYPE_HTML
1182 FI_WPEND
1200 FI_DBBEGIN
1200 FI_SMARTDATA
1201 FI_DBASE3
1202 FI_DBASE4
1203 FI_FRAMEWORKIII
1204 FI_WORKSDATA
1205 FI_DATAEASE
1206 FI_PARADOX3
1207 FI_PARADOX35
1208 FI_QADBASE
1209 FI_REFLEX
1210 FI_RBASEV
1211 FI_RBASE5000
1212 FI_RBASEFILE1
1213 FI_RBASEFILE3
1214 FI_FIRSTCHOICE_DB
1215 FI_MACWORKSDB2
1216 FI_WINWORKSDB
1217 FI_PARADOX4
1218 FI_ACCESS1
1219 FI_CEODB
1220 FI_WINWORKSDB3
1221 FI_WINWORKSDB4
1222 FI_ACCESS7
1223 FI_MSPROJECT98
1224 FI_MSPROJECT2000
1225 FI_MSPROJECT2002
1225 FI_DBEND
1400 FI_SSBEGIN
1400 FI_SYMPHONY1
1401 FI_123R1
1402 FI_123R2
1403 FI_123R3
1404 FI_SMARTSHEET
1405 FI_EXCEL
1406 FI_ENABLESHEET
1407 FI_WORKSSHEET
1408 FI_VPPLANNER
1409 FI_TWIN
1410 FI_SUPERCALC5
1411 FI_QUATTROPRO
1412 FI_QUATTRO
1413 FI_PFS_PLAN
1414 FI_FIRSTCHOICE_SS
1415 FI_EXCEL3
1416 FI_GENERIC_WKS
1417 FI_MACWORKSSS2
1418 FI_WINWORKSSS
1419 FI_EXCEL4
1420 FI_QUATTROPROWIN
1421 FI_123R4
1422 FI_QUATTROPRO1J
1423 FI_CEOSS
1424 FI_EXCEL5
1425 FI_MULTIPLAN4
1426 FI_WINWORKSSS3
1427 FI_QUATTROPRO4
1428 FI_QUATTROPRO5
1429 FI_QUATTROPRO6
1430 FI_123R2OS2
1431 FI_123R2OS2CHART
1432 FI_WINWORKSSS4
1433 FI_QUATTROPRO7NB
1434 FI_QUATTROPRO7GR
1435 FI_123R6
1436 FI_MACEXCEL4
1437 FI_MACEXCEL5
1438 FI_EXCEL97
1439 FI_EXCEL3WORKBOOK
1440 FI_EXCEL4WORKBOOK
1441 FI_MACEXCEL4WORKBOOK
1442 FI_REGMACEXCEL4WB
1443 FI_123R9
1444 FI_QUATTROPRO8
1445 FI_QUATTROPRO9NB
1446 FI_EXCEL2000
1447 FI_QUATTROPRO10NB
1448 FI_EXCEL2002
1449 FI_STAROFFICECALC52
1449 FI_SSEND
1500 FI_GRAPHICBEGIN
1500 FI_BMP
1501 FI_TIFF
1502 FI_PCX
1503 FI_GIF
1504 FI_EPSTIFF
1505 FI_CCITTGRP3
1506 FI_MACPICT2
1507 FI_WPG
1508 FI_WINDOWSMETA
1509 FI_LOTUSPIC
1510 FI_MACPICT1
1511 FI_AMIDRAW
1512 FI_TARGA
1513 FI_GEMIMG
1514 FI_OS2DIB
1515 FI_WINDOWSICON
1516 FI_WINDOWSCURSOR
1517 FI_MICROGRAFX
1518 FI_MACPAINT
1520 FI_CORELDRAW2
1521 FI_CORELDRAW3
1522 FI_HPGL
1523 FI_HARVARDDOS3
1524 FI_HARVARDDOS2
1525 FI_HARVARDDOS3PRS
1526 FI_FREELANCE
1527 FI_WPG2
1528 FI_CGM
1529 FI_EXCELCHART
1530 FI_EXCEL3CHART
1531 FI_EXCEL4CHART
1532 FI_CANDY4
1533 FI_HANAKO1
1534 FI_HANAKO2
1535 FI_JPEGFIF
1536 FI_EXCEL5CHART
1537 FI_CORELDRAW4
1538 FI_POWERPOINT4
1539 FI_DCX
1540 FI_POWERPOINT3
1541 FI_CORELDRAW5
1542 FI_OS2METAFILE
1543 FI_POWERPOINT7
1544 FI_DXFA
1545 FI_DXFB
1546 FI_DXB
1547 FI_FREELANCE3
1548 FI_POWERPOINTMAC3
1549 FI_POWERPOINTMAC4
1550 FI_PRESENTATIONS
1551 FI_OS2WARPBMP
1552 FI_AUTOCADDWG12
1553 FI_AUTOCADDWG13
1554 FI_ILLUSTRATOR
1555 FI_PRESENTATIONS7
1556 FI_WPG7
1557 FI_PDF
1558 FI_FRAMEMAKER
1559 FI_SUNRASTER
1560 FI_AUTOSHADE
1561 FI_KODAKPCD
1562 FI_EXTPOWERPOINT4
1563 FI_EXTPOWERPOINTMAC4
1564 FI_ENHWINDOWSMETA
1565 FI_GEM
1566 FI_POWERPOINTMACB3
1567 FI_POWERPOINTMACB4
1568 FI_HARVARDWINDOWS
1569 FI_IGES
1570 FI_IBMPIF
1571 FI_XBITMAP
1572 FI_XPIXMAP
1573 FI_CALSRASTER
1574 FI_PNG
1575 FI_XDUMP
1576 FI_CORELDRAWCLIPART
1577 FI_HPGALLERY
1578 FI_GDF
1579 FI_DESIGNER
1580 FI_POSTSCRIPT
1581 FI_POWERPOINT97
1582 FI_CORELDRAW6
1583 FI_CORELDRAW7
1584 FI_PDFMACBIN
1585 FI_AUTOCADDWG
1586 FI_VISIO4
1587 FI_AUTOCADDWG14
1588 FI_PBM
1589 FI_PGM
1590 FI_PPM
1591 FI_ADOBEPHOTOSHOP
1592 FI_POWERPOINT9597
1593 FI_PAINTSHOPPRO
1594 FI_FLASHPIX
1595 FI_VISIO5
1596 FI_CORELDRAW8
1597 FI_VISIO6
1598 FI_CORELDRAW9
1599 FI_PROGRESSIVEJPEG
1600 FI_POWERPOINT2000
1601 FI_DGN
1602 FI_BMP5
1603 FI_WBMP
1604 FI_MIFFG
1605 FI_POWERPOINT2
1606 FI_WPG10
1607 FI_VISIO3
1608 FI_DESIGNER7
1609 FI_PDFIMAGE
1610 FI_STAROFFICEIMPRESS52
1611 FI_ILLUSTRATOR9
1612 FI_AUTOCADDWG2000
1613 FI_AUTOCADDWG2DOT5
1614 FI_AUTOCADDWG2DOT6
1615 FI_AUTOCADDWG9
1616 FI_AUTOCADDWG10
1617 FI_QUARKEXP_MAC30
1618 FI_QUARKEXP_MAC31
1619 FI_QUARKEXP_MAC32
1620 FI_QUARKEXP_MAC33
1621 FI_QUARKEXP_MAC40
1622 FI_QUARKEXP_WIN33
1623 FI_QUARKEXP_WIN40
1624 FI_QUARKEXP_WIN50
1624 FI_GRAPHICEND
1650 FI_OTHERBEGIN
1650 FI_WPINFORMS1
1651 FI_SNAPSHOTTEXT
1652 FI_SNAPSHOTBMP
1653 FI_ICF
1654 FI_ESCHER
1654 FI_OTHEREND
1700 FI_MULTIMBEGIN
1700 FI_RIFFWAVE
1701 FI_RIFFAVI
1702 FI_MIDI
1703 FI_DIRECTOR
1704 FI_FLASH
1705 FI_QUICKTIME
1705 FI_MULTIMEND
1800 FI_SPECIALBEGIN
1800 FI_EXECUTABLE
1801 FI_COM
1802 FI_ZIP
1803 FI_ZIPEXE
1804 FI_ARC
1805 FI_BINDER
1806 FI_UNIXCOMP
1807 FI_TAR
1808 FI_ENVOY
1809 FI_QUICKFINDER
1810 FI_WINCLIPFILE
1811 FI_ENVOY7
1812 FI_STUFFIT
1813 FI_LZH
1814 FI_LZH_SFX
1815 FI_GZIP
1815 FI_SPECIALEND
1900 FI_CHUNKERBINARY
1901 FI_TESTQUEUE
1998 FI_NONE
1999 FI_UNKNOWN
